<?xml version="1.0" encoding="UTF-8"?>
<testng-results ignored="0" total="11" passed="11" failed="0" skipped="0">
  <reporter-output>
  </reporter-output>
  <suite started-at="2023-11-17T11:12:21 IST" name="Tests for QKART Regression" finished-at="2023-11-17T11:16:43 IST" duration-ms="262435">
    <groups>
      <group name="Sanity">
        <method signature="QKART_Tests.TestCase01(java.lang.String,java.lang.String)[pri:1, instance:QKART_TESTNG.QKART_Tests@4aeeaf25]" name="TestCase01" class="QKART_TESTNG.QKART_Tests"/>
        <method signature="QKART_Tests.TestCase02()[pri:2, instance:QKART_TESTNG.QKART_Tests@4aeeaf25]" name="TestCase02" class="QKART_TESTNG.QKART_Tests"/>
        <method signature="QKART_Tests.TestCase03()[pri:3, instance:QKART_TESTNG.QKART_Tests@4aeeaf25]" name="TestCase03" class="QKART_TESTNG.QKART_Tests"/>
        <method signature="QKART_Tests.TestCase05()[pri:5, instance:QKART_TESTNG.QKART_Tests@4aeeaf25]" name="TestCase05" class="QKART_TESTNG.QKART_Tests"/>
        <method signature="QKART_Tests.TestCase07()[pri:7, instance:QKART_TESTNG.QKART_Tests@4aeeaf25]" name="TestCase07" class="QKART_TESTNG.QKART_Tests"/>
        <method signature="QKART_Tests.TestCase11()[pri:11, instance:QKART_TESTNG.QKART_Tests@4aeeaf25]" name="TestCase11" class="QKART_TESTNG.QKART_Tests"/>
      </group> <!-- Sanity -->
      <group name="Regression">
        <method signature="QKART_Tests.TestCase04()[pri:4, instance:QKART_TESTNG.QKART_Tests@4aeeaf25]" name="TestCase04" class="QKART_TESTNG.QKART_Tests"/>
        <method signature="QKART_Tests.TestCase06()[pri:6, instance:QKART_TESTNG.QKART_Tests@4aeeaf25]" name="TestCase06" class="QKART_TESTNG.QKART_Tests"/>
        <method signature="QKART_Tests.TestCase08()[pri:8, instance:QKART_TESTNG.QKART_Tests@4aeeaf25]" name="TestCase08" class="QKART_TESTNG.QKART_Tests"/>
        <method signature="QKART_Tests.TestCase09()[pri:9, instance:QKART_TESTNG.QKART_Tests@4aeeaf25]" name="TestCase09" class="QKART_TESTNG.QKART_Tests"/>
        <method signature="QKART_Tests.TestCase10()[pri:10, instance:QKART_TESTNG.QKART_Tests@4aeeaf25]" name="TestCase10" class="QKART_TESTNG.QKART_Tests"/>
        <method signature="QKART_Tests.TestCase11()[pri:11, instance:QKART_TESTNG.QKART_Tests@4aeeaf25]" name="TestCase11" class="QKART_TESTNG.QKART_Tests"/>
      </group> <!-- Regression -->
    </groups>
    <test started-at="2023-11-17T11:12:21 IST" name="Test Execution using testNG" finished-at="2023-11-17T11:16:43 IST" duration-ms="262435">
      <class name="QKART_TESTNG.QKART_Tests">
        <test-method is-config="true" signature="createDriver()[pri:0, instance:QKART_TESTNG.QKART_Tests@4aeeaf25]" started-at="2023-11-17T11:12:19 IST" name="createDriver" finished-at="2023-11-17T11:12:21 IST" duration-ms="2323" status="PASS">
          <reporter-output>
          </reporter-output>
        </test-method> <!-- createDriver -->
        <test-method signature="TestCase01(java.lang.String,java.lang.String)[pri:1, instance:QKART_TESTNG.QKART_Tests@4aeeaf25]" started-at="2023-11-17T11:12:21 IST" name="TestCase01" finished-at="2023-11-17T11:12:30 IST" duration-ms="9041" status="PASS">
          <params>
            <param index="0">
              <value>
                <![CDATA[testUser]]>
              </value>
            </param>
            <param index="1">
              <value>
                <![CDATA[abc@123]]>
              </value>
            </param>
          </params>
          <reporter-output>
          </reporter-output>
        </test-method> <!-- TestCase01 -->
        <test-method signature="TestCase02()[pri:2, instance:QKART_TESTNG.QKART_Tests@4aeeaf25]" started-at="2023-11-17T11:12:31 IST" name="TestCase02" finished-at="2023-11-17T11:13:06 IST" duration-ms="35176" status="PASS">
          <reporter-output>
          </reporter-output>
        </test-method> <!-- TestCase02 -->
        <test-method signature="TestCase03()[pri:3, instance:QKART_TESTNG.QKART_Tests@4aeeaf25]" started-at="2023-11-17T11:13:07 IST" name="TestCase03" finished-at="2023-11-17T11:13:43 IST" duration-ms="35609" status="PASS">
          <reporter-output>
          </reporter-output>
        </test-method> <!-- TestCase03 -->
        <test-method signature="TestCase04()[pri:4, instance:QKART_TESTNG.QKART_Tests@4aeeaf25]" started-at="2023-11-17T11:13:43 IST" name="TestCase04" finished-at="2023-11-17T11:14:03 IST" duration-ms="20006" status="PASS">
          <reporter-output>
          </reporter-output>
        </test-method> <!-- TestCase04 -->
        <test-method signature="TestCase05()[pri:5, instance:QKART_TESTNG.QKART_Tests@4aeeaf25]" started-at="2023-11-17T11:14:04 IST" name="TestCase05" finished-at="2023-11-17T11:14:30 IST" duration-ms="25824" status="PASS">
          <reporter-output>
          </reporter-output>
        </test-method> <!-- TestCase05 -->
        <test-method signature="TestCase06()[pri:6, instance:QKART_TESTNG.QKART_Tests@4aeeaf25]" started-at="2023-11-17T11:14:31 IST" name="TestCase06" finished-at="2023-11-17T11:15:01 IST" duration-ms="30764" status="PASS">
          <reporter-output>
          </reporter-output>
        </test-method> <!-- TestCase06 -->
        <test-method signature="TestCase07()[pri:7, instance:QKART_TESTNG.QKART_Tests@4aeeaf25]" started-at="2023-11-17T11:15:03 IST" name="TestCase07" finished-at="2023-11-17T11:15:45 IST" duration-ms="41833" status="PASS">
          <reporter-output>
          </reporter-output>
        </test-method> <!-- TestCase07 -->
        <test-method signature="TestCase08()[pri:8, instance:QKART_TESTNG.QKART_Tests@4aeeaf25]" started-at="2023-11-17T11:15:45 IST" name="TestCase08" finished-at="2023-11-17T11:16:01 IST" duration-ms="16062" status="PASS">
          <reporter-output>
          </reporter-output>
        </test-method> <!-- TestCase08 -->
        <test-method signature="TestCase09()[pri:9, instance:QKART_TESTNG.QKART_Tests@4aeeaf25]" started-at="2023-11-17T11:16:02 IST" name="TestCase09" finished-at="2023-11-17T11:16:12 IST" duration-ms="9707" status="PASS">
          <reporter-output>
          </reporter-output>
        </test-method> <!-- TestCase09 -->
        <test-method signature="TestCase10()[pri:10, instance:QKART_TESTNG.QKART_Tests@4aeeaf25]" started-at="2023-11-17T11:16:12 IST" name="TestCase10" finished-at="2023-11-17T11:16:15 IST" duration-ms="2686" status="PASS">
          <reporter-output>
          </reporter-output>
        </test-method> <!-- TestCase10 -->
        <test-method signature="TestCase11()[pri:11, instance:QKART_TESTNG.QKART_Tests@4aeeaf25]" started-at="2023-11-17T11:16:15 IST" name="TestCase11" finished-at="2023-11-17T11:16:43 IST" duration-ms="28185" status="PASS">
          <reporter-output>
          </reporter-output>
        </test-method> <!-- TestCase11 -->
        <test-method is-config="true" signature="quitDriver()[pri:0, instance:QKART_TESTNG.QKART_Tests@4aeeaf25]" started-at="2023-11-17T11:16:44 IST" name="quitDriver" finished-at="2023-11-17T11:16:44 IST" duration-ms="121" status="PASS">
          <reporter-output>
          </reporter-output>
        </test-method> <!-- quitDriver -->
      </class> <!-- QKART_TESTNG.QKART_Tests -->
    </test> <!-- Test Execution using testNG -->
  </suite> <!-- Tests for QKART Regression -->
</testng-results>
